[boycottsadaf.com/index.html]
[backblue.gif]
[fade.gif]
[index.html]
[boycottsadaf.com/remote-login4f98.html]
[boycottsadaf.com/feed/index.html]
[widgets.wp.com/verbum-block-editor/block-editor0a16.css]
[boycottsadaf.com/comments/feed/index.html]
[s0.wp.com/wp-content/themes/pub/varia/print2d49.css]
[s1.wp.com/_static/indexba1f.html]
[s0.wp.com/wp-content/themes/pub/alves/style8880.css]
[boycottsadaf.com/osd.xml]
[boycottsadaf.com/wp-content/uploads/2022/12/cropped-logo-512x512-176ca.png]
[boycottsadaf.com/wp-content/uploads/2022/12/cropped-logo-512x512-19939.png]
[boycottsadaf.com/wp-content/uploads/2022/12/cropped-logo-512x512-1ad83.png]
[boycottsadaf.com/wp-content/uploads/2022/12/cropped-v2-01.png]
[boycottsadaf.com/why-boycott-sadaf/index.html]
[boycottsadaf.com/wp-content/uploads/2022/12/signal-2022-12-17-154011_003-1.jpeg]
[boycottsadaf.com/contact/index.html]
[boycottsadaf.com/our-appeal-to-you/index.html]
[boycottsadaf.com/aboutus/index.html]
[boycottsadaf.com/wp-content/uploads/2022/12/2-1.png]
[boycottsadaf.com/wp-content/uploads/2022/12/8.png]
[boycottsadaf.com/wp-content/uploads/2022/12/6.png]
[boycottsadaf.com/wp-content/uploads/2022/12/10.png]
[boycottsadaf.com/wp-content/uploads/2022/12/4-1.png]
[boycottsadaf.com/2022/04/03/mizrahi-agenda/index.html]
[0.gravatar.com/js/hovercards/hovercards.minb021.js]
[s2.wp.com/wp-content/mu-plugins/gravatar-hovercards/wpgrohoe8bd.js]
[boycottsadaf.com/wp-content/uploads/2022/12/cropped-logo-512x512-1ae05.png]
[s0.wp.com/wp-content/mu-plugins/actionbar/actionbarf84d.css]
[s0.wp.com/wp-content/mu-plugins/actionbar/actionbar4dc1.js]
[boycottsadaf.com/wp-content/plugins/ie-sitemode/custom-jumplist.php]
[stats.wp.com/w735b.js]
[pixel.wp.com/b0b80.gif]
[boycottsadaf.com/index.html]
[boycottsadaf.com/remote-login4f98.html]
[s1.wp.com/_static/indexd02a.html]
[widgets.wp.com/verbum-block-editor/block-editor0a16.css]
[s1.wp.com/_static/indexba1f.html]
[s0.wp.com/wp-content/themes/pub/varia/print2d49.css]
[s0.wp.com/wp-content/themes/pub/alves/style8880.css]
[s2.wp.com/wp-content/themes/h4/globalf753.css]
[boycottsadaf.com/wp-content/uploads/2022/12/screenshots-4.png]
[boycottsadaf.com/wp-content/uploads/2022/12/screenshots-2.png]
[boycottsadaf.com/wp-content/uploads/2022/12/8-1.png]
[boycottsadaf.com/wp-content/uploads/2022/12/342dff.png]
[boycottsadaf.com/wp-content/uploads/2022/12/352dff.png]
[boycottsadaf.com/wp-content/uploads/2022/12/362dff.png]
[boycottsadaf.com/wp-content/uploads/2022/12/372dff.png]
[boycottsadaf.com/wp-content/uploads/2022/12/382dff.png]
[boycottsadaf.com/wp-content/uploads/2022/12/392dff.png]
[boycottsadaf.com/wp-content/uploads/2022/12/screenshots-1-12dff.png]
[boycottsadaf.com/wp-content/uploads/2022/12/150353.png]
[boycottsadaf.com/wp-content/uploads/2022/12/160353.png]
[boycottsadaf.com/wp-content/uploads/2022/12/170353.png]
[boycottsadaf.com/wp-content/uploads/2022/12/180353.png]
[boycottsadaf.com/wp-content/uploads/2022/12/272dff.png]
[boycottsadaf.com/wp-content/uploads/2022/12/9-2.png]
[boycottsadaf.com/wp-content/uploads/2022/12/10-1.png]
[boycottsadaf.com/wp-content/uploads/2022/12/15-1.png]
[boycottsadaf.com/wp-content/uploads/2022/12/16-1.png]
[boycottsadaf.com/wp-content/uploads/2022/12/12-1.png]
[boycottsadaf.com/wp-content/uploads/2022/12/13-1.png]
[boycottsadaf.com/wp-content/uploads/2022/12/14.png]
[boycottsadaf.com/wp-content/uploads/2022/12/232dff.png]
[boycottsadaf.com/wp-content/uploads/2022/12/242dff.png]
[boycottsadaf.com/wp-content/uploads/2022/12/192dff.png]
[boycottsadaf.com/wp-content/uploads/2022/12/120353.png]
[boycottsadaf.com/wp-content/uploads/2022/12/130353.png]
[boycottsadaf.com/wp-content/uploads/2022/12/screenshots-12dff.png]
[boycottsadaf.com/wp-content/uploads/2022/12/212dff.png]
[s0.wp.com/wp-content/plugins/gutenberg-core/v18.0.0/build/dom-ready/index.min84e2.js]
[s0.wp.com/wp-content/plugins/gutenberg-core/v18.0.0/build/escape-html/index.minc4bf.js]
[s0.wp.com/wp-content/plugins/gutenberg-core/v18.0.0/build/hooks/index.min782a.js]
[boycottsadaf.com/why-boycott-sadaf/index.html]
[s0.wp.com/wp-content/plugins/gutenberg-core/v18.0.0/build/i18n/index.min9625.js]
[s1.wp.com/wp-content/mu-plugins/jetpack-plugin/moon/jetpack_vendor/automattic/jetpack-forms/dist/contact-form/css/gruniond24b.css]
[boycottsadaf.com/contact/index.html]
[boycottsadaf.com/aboutus/index.html]
[boycottsadaf.com/wp-content/js/bilmur.min56b5.js]
[s1.wp.com/_static/index7a2a.html]
[0.gravatar.com/js/hovercards/hovercards.minba0e.js]
[boycottsadaf.com/our-appeal-to-you/index.html]
[boycottsadaf.com/wp-content/js/bilmur.min870d.js]
[s0.wp.com/wp-content/mu-plugins/jetpack-mu-wpcom-plugin/moon/vendor/automattic/jetpack-mu-wpcom/src/build/verbum-comments/verbum-comments40a3.css]
[boycottsadaf.com/2022/04/03/mizrahi-agenda/feed/index.html]
[boycottsadaf.com/2022/04/03/mizrahi-agenda/index.html]
[s0.wp.com/wp-content/mu-plugins/actionbar/actionbarf84d.css]
[s1.wp.com/wp-content/mu-plugins/jetpack-plugin/moon/jetpack_vendor/automattic/jetpack-forms/dist/contact-form/css/gruniond24b.css]
[s0.wp.com/i/loading/dark-200.gif]
[s0.wp.com/wp-content/mu-plugins/jetpack-mu-wpcom-plugin/moon/vendor/automattic/jetpack-mu-wpcom/src/build/verbum-comments/verbum-comments40a3.css]
[boycottsadaf.com/xmlrpc.php]
[boycottsadaf.com/category/uncategorized/index.html]
[boycottsadaf.com/author/uspcn/index.html]
[boycottsadaf.com/author/uspcn/index.html]
[boycottsadaf.com/category/uncategorized/index.html]
[s1.wp.com/wp-content/themes/pub/varia/js/primary-navigationa815.js]
[boycottsadaf.com/author/uspcn/feed/index.html]
[boycottsadaf.com/category/uncategorized/feed/index.html]
